// Jest Snapshot v1, https://goo.gl/fbAQLP

exports[`Balance component should match snapshot 1`] = `
<DocumentFragment>
  <div
    class="sc-htpNat soCIS"
    data-testid="fromWallet-balance"
  >
    You will have 10.23 EUR
  </div>
</DocumentFragment>
`;
